// Jest Snapshot v1, https://goo.gl/fbAQLP

exports[`ListComponent setData 1`] = `
<div>
  <ul>
    <li><strong>Iron Man</strong></li>
    <li><strong>Avengers</strong></li>
    <li><strong>Infitinity War</strong></li>
    <li><strong>TheDuck</strong></li>
  </ul>
</div>
`;

exports[`Mount a vue component 1`] = `
<div>
  <h1>Hello Something new</h1>
</div>
`;
